#-----------------------------------------------------------
# Vivado v2025.1.1 (64-bit)
# SW Build 6233196 on Thu Sep 11 21:27:30 MDT 2025
# IP Build 6232796 on Fri Sep 12 01:46:16 MDT 2025
# SharedData Build 6233195 on Thu Sep 11 17:56:43 MDT 2025
# Start of session at: Wed Apr  1 04:24:17 2026
# Process ID         : 20444
# Current directory  : D:/VLSI/Vivado_Projects/edt_zcu102/edt_zcu102.runs/blk_mem_gen_0_synth_1
# Command line       : vivado.exe -log blk_mem_gen_0.vds -product Vivado -mode batch -messageDb vivado.pb -notrace -source blk_mem_gen_0.tcl
# Log file           : D:/VLSI/Vivado_Projects/edt_zcu102/edt_zcu102.runs/blk_mem_gen_0_synth_1/blk_mem_gen_0.vds
# Journal file       : D:/VLSI/Vivado_Projects/edt_zcu102/edt_zcu102.runs/blk_mem_gen_0_synth_1\vivado.jou
# Running On         : MIRVAISMO
# Platform           : Windows Server 2016 or Windows 10
# Operating System   : 19045
# Processor Detail   : AMD Ryzen 7 5800X3D 8-Core Processor           
# CPU Frequency      : 3394 MHz
# CPU Physical cores : 8
# CPU Logical cores  : 16
# Host memory        : 34235 MB
# Swap memory        : 25769 MB
# Total Virtual      : 60004 MB
# Available Virtual  : 19212 MB
#-----------------------------------------------------------
source blk_mem_gen_0.tcl -notrace
